// Jest Snapshot v1, https://goo.gl/fbAQLP

exports[`should render Header 1`] = `
<div>
  <h1>
    Expensify
  </h1>
  <NavLink
    activeClassName="is-active"
    exact={true}
    to="/"
  >
    home
  </NavLink>
  <NavLink
    activeClassName="is-active"
    to="/create"
  >
    add
  </NavLink>
  <NavLink
    activeClassName="is-active"
    to="/editexpanse"
  >
    Edit
  </NavLink>
</div>
`;
